// Jest Snapshot v1, https://goo.gl/fbAQLP

exports[`Infinite Body renders the structure correctly 1`] = `
<div
  class="infinite-loading"
/>
`;
